==============================================================================
izlazi ovog runa: /home/datice/data/slinna/dipl/slinn/runs/yolo26l_20260907_142500
SliNN · FAZA 1 + FAZA 2 · yolo26l
  priprema (model, adapter, task, batchevi, teacher cache, metrika)...
[detekcija] dataset=/home/datice/data/slinna/dipl/datasets/mini_set/sub10k_open_images_v7 · razreda=6 (Person, Car, Truck, Bus, Motorcycle, Bicycle)
[detekcija] izvor imena: /home/datice/data/slinna/dipl/datasets/mini_set/sub10k_open_images_v7/dataset.yaml
[detekcija] preslikavanje u model.names: {'Person': 0, 'Car': 2, 'Truck': 7, 'Bus': 5, 'Motorcycle': 3, 'Bicycle': 1}
[pipeline] 8 slojeva izbaceno iz prunable — dijele tp-grupu s feature-KD tapom (rez bi pomaknuo sirinu tapa).
  batch TRAIN=32 (proba VRAM-a)
  teacher-cache: 184 batcheva x 168.7 MB = 30.3 GB (slobodno 1400.6 GB)
  kes ucitelja: 184/184 batcheva u RAM-u (31032 MB / 45237 MB budzeta; strop inf MB, slobodno bilo 78467 MB), ostatak s diska
  task=detection · metrika=mAP · tolerancija=95% · batch=32 · epoha=184 batcheva
  baseline mAP=0.4734 -> prag 0.4498
  monitor  mAP=0.4941 -> prag 0.4694  (fiksni podskup 25% val skupa)
  parametri faza (izvor: slinn/settings.py):
  zajednicko (obje faze):
    F1_PRUNE_STEP_FRAC=0.015   F2_PRUNE_STEP_FRAC=0.05   PHASE2_PRUNE_LAYER_CAP=0.15
    PHASE2_MIN_ALIVE=16   PHASE2_PRUNE_ROUNDS=4   PHASE2_PRUNE_SLACK=0.02
    PRUNE_IMPORTANCE=grad   PRUNE_IMP_NORM=none   PHASE2_REINVEST_FRAC=0.15
    PHASE2_GROW_DOM=4.0   PHASE2_GROW_MAX_LAYERS=3   PHASE2_CHURN_COOLDOWN=2
    ALIGN_M=32   METRIC_MONITOR_FRAC=0.25   TRAIN_BATCH=8
    IMP_BATCHES=3   DEV_DATA_SUBSET=None
  faza 1:
    F1_MAX_STEPS=200   F1_FT_MAX_EPOCHS=5   F1_FT_PATIENCE=2
    FT_RECOVERY_FRAC=0.95
  faza 2:
    F2_CHECKPOINTS=2   F2_FT_MAX_EPOCHS=3   F2_FT_PATIENCE=1
    F2_MIN_YIELD=0.8   F2_YIELD_FT_EPOCHS=3   F2_MAX_STEPS_PER_RUNG=200
==============================================================================

### FAZA 1 — najmanji model iznad praga
  granice oporavka: max 5 FT epoha / patience 2 (PO EPIZODI)
 kor    mod     GFLOPs      params   monitor      puna    rez       KD
------------------------------------------------------------------------------
   0   base    93.0126  26,299,704    0.4941    0.4734   0.0%        —
        ... epoha  36/184 · KD 0.1392
        ... epoha  72/184 · KD 0.1291
        ... epoha 108/184 · KD 0.1246
        ... epoha 144/184 · KD 0.1211
        ... epoha 180/184 · KD 0.1192
   1  MORPH    91.6322  25,881,497    0.4929    0.4693   1.5%   0.1189  <- NAJBOLJI
        rez −1.3867 (99% cilja, 2 krug(a)) · 341 kanala · naraslo 0.conv +12, 1.conv +5
        ... epoha  36/184 · KD 0.1981
        ... epoha  72/184 · KD 0.1779
        ... epoha 108/184 · KD 0.1683
        ... epoha 144/184 · KD 0.1623
        ... epoha 180/184 · KD 0.1577
   2  MORPH    90.2350  25,444,195    0.4759    0.4445   3.0%   0.1571
        rez −1.3972 (100% cilja, 2 krug(a)) · 317 kanala
        ... epoha  36/184 · KD 0.1297
        ... epoha  72/184 · KD 0.1277
        ... epoha 108/184 · KD 0.1269
        ... epoha 144/184 · KD 0.1261
        ... epoha 180/184 · KD 0.1252
   3     FT    90.2350  25,444,195    0.4778    0.4480   3.0%   0.1249
        oporavak: 1/5 epoha · bez novog najboljeg 0/2
        ... epoha  36/184 · KD 0.1173
        ... epoha  72/184 · KD 0.1157
        ... epoha 108/184 · KD 0.1150
        ... epoha 144/184 · KD 0.1148
        ... epoha 180/184 · KD 0.1147
   4     FT    90.2350  25,444,195    0.4790    0.4495   3.0%   0.1146
        oporavak: 2/5 epoha · bez novog najboljeg 0/2
        ... epoha  36/184 · KD 0.1168
        ... epoha  72/184 · KD 0.1150
        ... epoha 108/184 · KD 0.1142
        ... epoha 144/184 · KD 0.1142
        ... epoha 180/184 · KD 0.1141
   5     FT    90.2350  25,444,195    0.4767    0.4474   3.0%   0.1139
        oporavak: 3/5 epoha · bez novog najboljeg 1/2
        ... epoha  36/184 · KD 0.1099
        ... epoha  72/184 · KD 0.1089
        ... epoha 108/184 · KD 0.1083
        ... epoha 144/184 · KD 0.1083
        ... epoha 180/184 · KD 0.1081
   6     FT    90.2350  25,444,195    0.4778    0.4489   3.0%   0.1079
        oporavak: 4/5 epoha · bez novog najboljeg 2/2
------------------------------------------------------------------------------
FAZA 1 GOTOVA · razlog: oporavak stagnira (2 FT epohe bez novog najboljeg)
  isporuceno: korak 1 · GFLOPs 93.0126 -> 91.6322 (1.5% rez)
  mAP = 0.4693 (prag 0.4498) — POTVRDENO na punom val skupu
  spremljeno: /home/datice/data/slinna/dipl/slinn/runs/yolo26l_20260907_142500/best_quality_model.pt

### FAZA 2 — ljestvica do strukturnog minimuma
  start: izlaz Faze 1 · 91.6322 GFLOPs
  2 verzija · grow 15% (OFF na zadnjoj precki) · FT max 3 / patience 1
  mjerim strukturni minimum (probni rez svih slojeva na floor)...
        ... proba  36/146
        ... proba  72/146
   kor  precka     GFLOPs      params   metrika       cilj       KD
------------------------------------------------------------------------------
     0       0    91.6322  25,881,497         —          —        —
        ... epoha  36/184 · KD 0.5147
        ... epoha  72/184 · KD 0.4662
        ... epoha 108/184 · KD 0.4131
        ... epoha 144/184 · KD 0.3727
        ... epoha 180/184 · KD 0.3445
     1       1    87.0594  23,918,853    0.4633    54.9260   0.3417
        rez −4.5829 (100% cilja, 2 krug(a)) · 703 kanala
        ... epoha  36/184 · KD 0.2131
        ... epoha  72/184 · KD 0.2089
        ... epoha 108/184 · KD 0.2035
        ... epoha 144/184 · KD 0.1991
        ... epoha 180/184 · KD 0.1953
   1.2       1    87.0594  23,918,853    0.4700    54.9260   0.1946
        ... epoha  36/184 · KD 0.1739
        ... epoha  72/184 · KD 0.1718
        ... epoha 108/184 · KD 0.1699
        ... epoha 144/184 · KD 0.1691
        ... epoha 180/184 · KD 0.1693
   1.3       1    87.0594  23,918,853    0.4700    54.9260   0.1690
        ... epoha  36/184 · KD 0.3784
        ... epoha  72/184 · KD 0.3355
        ... epoha 108/184 · KD 0.3090
        ... epoha 144/184 · KD 0.2928
        ... epoha 180/184 · KD 0.2820
     2       1    82.4937  22,303,166    0.4652    54.9260   0.2807
        rez −4.5830 (100% cilja, 2 krug(a)) · 542 kanala
        ... epoha  36/184 · KD 0.2154
        ... epoha  72/184 · KD 0.2119
        ... epoha 108/184 · KD 0.2099
        ... epoha 144/184 · KD 0.2079
        ... epoha 180/184 · KD 0.2066
   2.2       1    82.4937  22,303,166    0.4740    54.9260   0.2063
        ... epoha  36/184 · KD 0.1895
        ... epoha  72/184 · KD 0.1870
        ... epoha 108/184 · KD 0.1862
        ... epoha 144/184 · KD 0.1853
        ... epoha 180/184 · KD 0.1849
   2.3       1    82.4937  22,303,166    0.4699    54.9260   0.1847
        ... epoha  36/184 · KD 0.4156
        ... epoha  72/184 · KD 0.3596
        ... epoha 108/184 · KD 0.3323
        ... epoha 144/184 · KD 0.3149
        ... epoha 180/184 · KD 0.3032
     3       1    77.9279  20,837,660    0.4510    54.9260   0.3019
        rez −4.5834 (100% cilja, 2 krug(a)) · 501 kanala
        ... epoha  36/184 · KD 0.2326
        ... epoha  72/184 · KD 0.2281
        ... epoha 108/184 · KD 0.2265
        ... epoha 144/184 · KD 0.2248
        ... epoha 180/184 · KD 0.2252
   3.2       1    77.9279  20,837,660    0.4565    54.9260   0.2250
        ... epoha  36/184 · KD 0.2092
        ... epoha  72/184 · KD 0.2050
        ... epoha 108/184 · KD 0.2042
        ... epoha 144/184 · KD 0.2038
        ... epoha 180/184 · KD 0.2045
   3.3       1    77.9279  20,837,660    0.4667    54.9260   0.2043
        ... epoha  36/184 · KD 0.4264
        ... epoha  72/184 · KD 0.3763
        ... epoha 108/184 · KD 0.3477
        ... epoha 144/184 · KD 0.3305
        ... epoha 180/184 · KD 0.3189
     4       1    73.3439  19,243,535    0.4378    54.9260   0.3177
        rez −4.5886 (100% cilja, 2 krug(a)) · 482 kanala
        ... epoha  36/184 · KD 0.2497
        ... epoha  72/184 · KD 0.2437
        ... epoha 108/184 · KD 0.2406
        ... epoha 144/184 · KD 0.2392
        ... epoha 180/184 · KD 0.2385
   4.2       1    73.3439  19,243,535    0.4571    54.9260   0.2382
        ... epoha  36/184 · KD 0.2250
        ... epoha  72/184 · KD 0.2201
        ... epoha 108/184 · KD 0.2190
        ... epoha 144/184 · KD 0.2183
        ... epoha 180/184 · KD 0.2189
   4.3       1    73.3439  19,243,535    0.4564    54.9260   0.2188
        ... epoha  36/184 · KD 0.4610
        ... epoha  72/184 · KD 0.4099
        ... epoha 108/184 · KD 0.3797
        ... epoha 144/184 · KD 0.3610
        ... epoha 180/184 · KD 0.3485
     5       1    68.7538  17,790,977    0.4391    54.9260   0.3473
        rez −4.5939 (100% cilja, 2 krug(a)) · 513 kanala
        ... epoha  36/184 · KD 0.2712
        ... epoha  72/184 · KD 0.2646
        ... epoha 108/184 · KD 0.2614
        ... epoha 144/184 · KD 0.2604
        ... epoha 180/184 · KD 0.2597
   5.2       1    68.7538  17,790,977    0.4390    54.9260   0.2595
        ... epoha  36/184 · KD 0.5424
        ... epoha  72/184 · KD 0.4617
        ... epoha 108/184 · KD 0.4237
        ... epoha 144/184 · KD 0.4009
        ... epoha 180/184 · KD 0.3869
     6       1    64.1440  16,539,903    0.4294    54.9260   0.3854
        rez −4.6116 (101% cilja, 2 krug(a)) · 458 kanala
        ... epoha  36/184 · KD 0.3012
        ... epoha  72/184 · KD 0.2945
        ... epoha 108/184 · KD 0.2916
        ... epoha 144/184 · KD 0.2895
        ... epoha 180/184 · KD 0.2897
   6.2       1    64.1440  16,539,903    0.4364    54.9260   0.2894
        ... epoha  36/184 · KD 0.2712
        ... epoha  72/184 · KD 0.2661
        ... epoha 108/184 · KD 0.2648
        ... epoha 144/184 · KD 0.2641
        ... epoha 180/184 · KD 0.2648
   6.3       1    64.1440  16,539,903    0.4367    54.9260   0.2647
        ... epoha  36/184 · KD 0.5519
        ... epoha  72/184 · KD 0.4707
        ... epoha 108/184 · KD 0.4355
        ... epoha 144/184 · KD 0.4140
        ... epoha 180/184 · KD 0.4004
     7       1    59.5413  15,543,757    0.4286    54.9260   0.3991
        rez −4.6069 (101% cilja, 2 krug(a)) · 362 kanala
        ... epoha  36/184 · KD 0.3170
        ... epoha  72/184 · KD 0.3106
        ... epoha 108/184 · KD 0.3092
        ... epoha 144/184 · KD 0.3082
        ... epoha 180/184 · KD 0.3077
   7.2       1    59.5413  15,543,757    0.4236    54.9260   0.3075
        ... epoha  36/184 · KD 0.7030
        ... epoha  72/184 · KD 0.5797
        ... epoha 108/184 · KD 0.5246
        ... epoha 144/184 · KD 0.4936
        ... epoha 180/184 · KD 0.4726
     8       1    54.9419  14,656,971    0.4117    54.9260   0.4707
        rez −4.6011 (100% cilja, 2 krug(a)) · 383 kanala
        ... epoha  36/184 · KD 0.3600
        ... epoha  72/184 · KD 0.3524
        ... epoha 108/184 · KD 0.3481
        ... epoha 144/184 · KD 0.3464
        ... epoha 180/184 · KD 0.3454
   8.2       1    54.9419  14,656,971    0.4201    54.9260   0.3451
        ... epoha  36/184 · KD 0.3268
        ... epoha  72/184 · KD 0.3225
        ... epoha 108/184 · KD 0.3202
        ... epoha 144/184 · KD 0.3186
        ... epoha 180/184 · KD 0.3186
   8.3       1    54.9419  14,656,971    0.4140    54.9260   0.3184
  >>> ckpt_1 · 54.9419 GFLOPs · mAP=0.3979 · cilj 54.9260 DOSEGNUT
        ... epoha  36/184 · KD 0.8774
        ... epoha  72/184 · KD 0.7004
        ... epoha 108/184 · KD 0.6260
        ... epoha 144/184 · KD 0.5842
        ... epoha 180/184 · KD 0.5568
     9       2    50.3567  13,737,125    0.3845    18.2199   0.5543
        rez −4.5851 (100% cilja, 2 krug(a)) · 401 kanala
        ... epoha  36/184 · KD 0.4208
        ... epoha  72/184 · KD 0.4119
        ... epoha 108/184 · KD 0.4064
        ... epoha 144/184 · KD 0.4037
        ... epoha 180/184 · KD 0.4022
   9.2       2    50.3567  13,737,125    0.3902    18.2199   0.4018
        ... epoha  36/184 · KD 0.3842
        ... epoha  72/184 · KD 0.3783
        ... epoha 108/184 · KD 0.3766
        ... epoha 144/184 · KD 0.3753
        ... epoha 180/184 · KD 0.3751
   9.3       2    50.3567  13,737,125    0.3902    18.2199   0.3746
        ... epoha  36/184 · KD 0.8804
        ... epoha  72/184 · KD 0.7355
        ... epoha 108/184 · KD 0.6693
        ... epoha 144/184 · KD 0.6305
        ... epoha 180/184 · KD 0.6051
    10       2    45.7739  12,787,666    0.3696    18.2199   0.6029
        rez −4.5828 (100% cilja, 2 krug(a)) · 638 kanala
        ... epoha  36/184 · KD 0.4793
        ... epoha  72/184 · KD 0.4706
        ... epoha 108/184 · KD 0.4642
        ... epoha 144/184 · KD 0.4604
        ... epoha 180/184 · KD 0.4579
  10.2       2    45.7739  12,787,666    0.3820    18.2199   0.4575
        ... epoha  36/184 · KD 0.4349
        ... epoha  72/184 · KD 0.4296
        ... epoha 108/184 · KD 0.4267
        ... epoha 144/184 · KD 0.4241
        ... epoha 180/184 · KD 0.4235
  10.3       2    45.7739  12,787,666    0.3749    18.2199   0.4231
        ... epoha  36/184 · KD 0.7776
        ... epoha  72/184 · KD 0.6755
        ... epoha 108/184 · KD 0.6294
        ... epoha 144/184 · KD 0.6021
        ... epoha 180/184 · KD 0.5841
    11       2    41.1912  11,874,948    0.3396    18.2199   0.5823
        rez −4.5826 (100% cilja, 2 krug(a)) · 647 kanala
        ... epoha  36/184 · KD 0.4873
        ... epoha  72/184 · KD 0.4803
        ... epoha 108/184 · KD 0.4761
        ... epoha 144/184 · KD 0.4734
        ... epoha 180/184 · KD 0.4724
  11.2       2    41.1912  11,874,948    0.3550    18.2199   0.4720
        ... epoha  36/184 · KD 0.4540
        ... epoha  72/184 · KD 0.4500
        ... epoha 108/184 · KD 0.4479
        ... epoha 144/184 · KD 0.4466
        ... epoha 180/184 · KD 0.4474
  11.3       2    41.1912  11,874,948    0.3584    18.2199   0.4471
        ... epoha  36/184 · KD 0.8107
        ... epoha  72/184 · KD 0.7142
        ... epoha 108/184 · KD 0.6705
        ... epoha 144/184 · KD 0.6430
        ... epoha 180/184 · KD 0.6246
    12       2    36.6075  10,939,472    0.3529    18.2199   0.6227
        rez −4.5838 (100% cilja, 2 krug(a)) · 1088 kanala
        ... epoha  36/184 · KD 0.5251
        ... epoha  72/184 · KD 0.5173
        ... epoha 108/184 · KD 0.5140
        ... epoha 144/184 · KD 0.5120
        ... epoha 180/184 · KD 0.5102
  12.2       2    36.6075  10,939,472    0.3487    18.2199   0.5097
        ... epoha  36/184 · KD 0.8530
        ... epoha  72/184 · KD 0.7535
        ... epoha 108/184 · KD 0.7076
        ... epoha 144/184 · KD 0.6790
        ... epoha 180/184 · KD 0.6604
    13       2    32.8884  10,167,638    0.3174    18.2199   0.6586
        rez −3.7190 (81% cilja, 1 krug(a)) · 1062 kanala
        ... epoha  36/184 · KD 0.5653
        ... epoha  72/184 · KD 0.5575
        ... epoha 108/184 · KD 0.5545
        ... epoha 144/184 · KD 0.5509
        ... epoha 180/184 · KD 0.5490
  13.2       2    32.8884  10,167,638    0.3301    18.2199   0.5486
        ... epoha  36/184 · KD 0.5334
        ... epoha  72/184 · KD 0.5288
        ... epoha 108/184 · KD 0.5343
        ... epoha 144/184 · KD 0.5428
        ... epoha 180/184 · KD 0.5469
  13.3       2    32.8884  10,167,638    0.3239    18.2199   0.5469
        ... epoha  36/184 · KD 0.9003
        ... epoha  72/184 · KD 0.7903
        ... epoha 108/184 · KD 0.7383
        ... epoha 144/184 · KD 0.7066
        ... epoha 180/184 · KD 0.6866
    14       2    29.8715   9,538,356    0.3080    18.2199   0.6847
        rez −3.0170 (66% cilja, 1 krug(a)) · 897 kanala
        ... epoha  36/184 · KD 0.5974
        ... epoha  72/184 · KD 0.5890
        ... epoha 108/184 · KD 0.5824
        ... epoha 144/184 · KD 0.5769
        ... epoha 180/184 · KD 0.5745
  14.2       2    29.8715   9,538,356    0.3181    18.2199   0.5741
        ... epoha  36/184 · KD 0.5640
        ... epoha  72/184 · KD 0.5572
        ... epoha 108/184 · KD 0.5533
        ... epoha 144/184 · KD 0.5497
        ... epoha 180/184 · KD 0.5495
  14.3       2    29.8715   9,538,356    0.3075    18.2199   0.5496
  >>> ckpt_2 · 29.8715 GFLOPs · mAP=0.2906 · cilj 18.2199 PROMASEN
------------------------------------------------------------------------------
FAZA 2 GOTOVA · 91.6322 -> 18.2199 GFLOPs (izmjereno dno)
  PRIJEVREMENI KRAJ: rez oslobodio 66% trazenog (prag 80%) na 32.8884 GFLOPs
  (zadnji checkpoint je spremljen nakon 3 zavrsnih FT epoha)
  verzija       GFLOPs  % starta         mAP      cilj
  ckpt_1       54.9419     60.0%      0.3979        OK
  ckpt_2       29.8715     32.6%      0.2906  promasen
  manifest: /home/datice/data/slinna/dipl/slinn/runs/yolo26l_20260907_142500/ladder.json

### KVANTIZACIJA · best_quality_model
    100/2000 · KD 0.2487
    200/2000 · KD 0.2307
    300/2000 · KD 0.2189
    400/2000 · KD 0.2105
    500/2000 · KD 0.2028
    600/2000 · KD 0.1966
    700/2000 · KD 0.1908
  mAP 0.4693 -> 0.4521  (-0.0173) · 700 koraka · kraj: patience

### KVANTIZACIJA · ckpt_1
    100/2000 · KD 0.3561
    200/2000 · KD 0.3451
    300/2000 · KD 0.3353
    400/2000 · KD 0.3313
    500/2000 · KD 0.3264
    600/2000 · KD 0.3233
    700/2000 · KD 0.3201
    800/2000 · KD 0.3199
  mAP 0.3979 -> 0.4016  (+0.0037) · 800 koraka · kraj: patience

### KVANTIZACIJA · ckpt_2
    100/2000 · KD 0.5699
    200/2000 · KD 0.5577
    300/2000 · KD 0.5516
    400/2000 · KD 0.5471
  mAP 0.2906 -> 0.3056  (+0.0150) · 400 koraka · kraj: patience
==============================================================================
KVANTIZACIJA GOTOVA · 3 verzija · FP32 glave izvan kvantizacije: 12
  verzija                  moduli koraka   mAP prije     poslije   razlika
  best_quality_model_qat.pt    178    700      0.4693      0.4521   -0.0173
  ckpt_1_qat.pt               178    800      0.3979      0.4016   +0.0037
  ckpt_2_qat.pt               178    400      0.2906      0.3056   +0.0150
==============================================================================
izlazi: /home/datice/data/slinna/dipl/slinn/runs/yolo26l_20260907_142500
   best_quality_model.pt
   best_quality_model_qat.pt
   ckpt_1.pt
   ckpt_1_qat.pt
   ckpt_2.pt
   ckpt_2_qat.pt
   ladder.json
   trajectory.jsonl
   worker.log
==============================================================================
